bench-dragon: reusing persisted index at docs/bench/evolution/persist-b (192 chunks)
bench-dragon: skipping corpus fetch and indexing
bench-dragon: fetching questions from HuggingFace...
bench-dragon: matched 212/600 questions to doc subset (0 malformed gold entries skipped)
bench-dragon: 150 questions selected
bench-dragon: answering questions...
bench-dragon: answered 25/150 questions
bench-dragon: answered 50/150 questions
bench-dragon: answered 75/150 questions
bench-dragon: answered 100/150 questions
bench-dragon: answered 125/150 questions
bench-dragon: answered 150/150 questions
bench-dragon: submission written to docs/bench/evolution/rerun-20260914/stage3-rerank.json (150 answers)
bench-dragon: this is a self-run submission file (kb's own found_ids/model_answer), not an official DRAGON leaderboard score
bench-dragon score: fetching gold QA from HuggingFace...
bench-dragon score: fetched 600 gold QA pairs
bench-dragon score: total=600 matched=150 retrieval_hit=5/150 answer_contains=55/150 cond(n=37 retrieval=0 answer=18) mh(n=36 retrieval=0 answer=13) set(n=33 retrieval=3 answer=9) simple(n=44 retrieval=2 answer=15)
bench-dragon score: report written to docs/bench/evolution/rerun-20260914/stage3-rerank.score.json
bench-dragon score: metrics history written to docs/bench/evolution/rerun-20260914/stage3-rerank.score.json.history.json
=== stage stage3-rerank: answers already present, skipping bench-dragon ===
=== stage stage3-rerank: score already present, skipping ===
=== stage stage3-rerank: answers already present, skipping bench-dragon ===
=== stage stage3-rerank: score already present, skipping ===
